During startup - Warning messages:
1: Setting LC_CTYPE failed, using "C" 
2: Setting LC_COLLATE failed, using "C" 
3: Setting LC_TIME failed, using "C" 
4: Setting LC_MESSAGES failed, using "C" 
5: Setting LC_MONETARY failed, using "C" 
* installing *source* package 'SimTOST' ...
** this is package 'SimTOST' version '1.0.2'
** using staged installation
** libs
using C++ compiler: 'Apple clang version 15.0.0 (clang-1500.3.9.4)'
using SDK: 'MacOSX14.5.sdk'
make: Nothing to be done for `all'.
During startup - Warning messages:
1: Setting LC_CTYPE failed, using "C" 
2: Setting LC_COLLATE failed, using "C" 
3: Setting LC_TIME failed, using "C" 
4: Setting LC_MESSAGES failed, using "C" 
5: Setting LC_MONETARY failed, using "C" 
installing to /Users/johanna/GitHub/SimTOST/..Rcheck/00LOCK-SimTOST/00new/SimTOST/libs
** R
** byte-compile and prepare package for lazy loading
During startup - Warning messages:
1: Setting LC_CTYPE failed, using "C" 
2: Setting LC_COLLATE failed, using "C" 
3: Setting LC_TIME failed, using "C" 
4: Setting LC_MESSAGES failed, using "C" 
5: Setting LC_MONETARY failed, using "C" 
** help
*** installing help indices
*** copying figures
** building package indices
During startup - Warning messages:
1: Setting LC_CTYPE failed, using "C" 
2: Setting LC_COLLATE failed, using "C" 
3: Setting LC_TIME failed, using "C" 
4: Setting LC_MESSAGES failed, using "C" 
5: Setting LC_MONETARY failed, using "C" 
** installing vignettes
** testing if installed package can be loaded from temporary location
During startup - Warning messages:
1: Setting LC_CTYPE failed, using "C" 
2: Setting LC_COLLATE failed, using "C" 
3: Setting LC_TIME failed, using "C" 
4: Setting LC_MESSAGES failed, using "C" 
5: Setting LC_MONETARY failed, using "C" 
** checking absolute paths in shared objects and dynamic libraries
** testing if installed package can be loaded from final location
During startup - Warning messages:
1: Setting LC_CTYPE failed, using "C" 
2: Setting LC_COLLATE failed, using "C" 
3: Setting LC_TIME failed, using "C" 
4: Setting LC_MESSAGES failed, using "C" 
5: Setting LC_MONETARY failed, using "C" 
** testing if installed package keeps a record of temporary installation path
* DONE (SimTOST)
